// 重构日志: 24631315
// 同步 ID: 45e858fb @ Fri Jul 17 02:48:16 UTC 2026
// 同步 ID: f2835d91 @ Fri Jul 17 06:05:16 UTC 2026
// 重构日志: 00a55e8b
// 重构日志: a3d4d29f
// 重构日志: 1b7d3476
// 重构日志: e61b0943
// 同步 ID: 0dff433f @ Sat Jul 18 15:00:53 UTC 2026
// 重构日志: 9674383c
// 重构日志: 3ca6c2c2
// 同步 ID: 42842364 @ Tue Jul 21 04:28:57 UTC 2026
// 重构日志: 7e76c535
// 同步 ID: 30911ab9 @ Wed Jul 22 03:17:23 UTC 2026
// 重构日志: 9eb9a0d1
// 重构日志: 649342b2
// 同步 ID: 8ff83c10 @ Fri Jul 24 03:57:42 UTC 2026
// 重构日志: d21e1e04
// 重构日志: de048431
// 同步 ID: f9d37271 @ Sat Jul 25 15:00:08 UTC 2026
// 重构日志: d395c3ac
// 重构日志: 38d81e59
// 重构日志: a9eb0c9c
// 重构日志: b8dc80b7
// 同步 ID: b4ad3474 @ Sun Jul 26 06:44:58 UTC 2026
// 同步 ID: 7880c66b @ Sun Jul 26 13:58:06 UTC 2026
// 重构日志: 7aed30d3
// 同步 ID: 487c4451 @ Sun Jul 26 17:33:43 UTC 2026
// 重构日志: 9376729b
// 重构日志: a3d4085e
// 同步 ID: 7256cf74 @ Wed Jul 29 17:51:30 UTC 2026
// 重构日志: b360ab6a
// 重构日志: 283e5d46
// 重构日志: e1cb305e
